3 128 3 252
4 127 4 255
191 225 191 253
192 225 192 252
12 3 57 3
81 3 138 3
147 3 190 3
12 4 52 4
98 4 138 4
147 4 191 4
72 5 113 5
4 127 37 127
148 127 192 127
3 128 71 128
120 128 192 128
3 129 71 129
119 129 192 129
3 130 38 130
152 130 192 130
69 251 125 251
98 252 171 252
81 253 171 253
64 4 95 5
16 3 47 4
156 127 192 129
148 127 192 130
140 128 186 130
124 128 171 130
40 127 71 129
12 127 59 129
4 127 43 129
3 128 38 130
136 252 167 253
104 251 151 253
72 250 135 253
160 127 192 131
152 127 183 130
148 127 175 130
8 127 38 130
4 127 31 130
3 128 4 159
3 144 4 175
3 160 4 190
3 176 4 206
3 192 4 222
3 207 4 238
3 223 5 255
64 4 95 5
96 3 127 4
112 3 138 4
147 3 175 4
160 3 192 5
64 3 95 6
191 106 192 134
191 90 192 121
191 74 192 105
191 58 192 89
191 42 192 73
191 26 192 57
191 13 192 41
3 128 3 252
4 127 4 255
191 13 191 132
191 225 191 253
192 13 192 134
192 225 192 252
